// Jest Snapshot v1, https://goo.gl/fbAQLP

exports[`throws 1`] = `"Default value \`\\"off\\"\` did not match one of: \`false\`, \`true\`"`;
